$ cd /workspace/shadcn-ui
$ ls

README.md
components.json
eslint.config.js
index.html
node_modules
package.json
pnpm-lock.yaml
postcss.config.js
public
src
tailwind.config.ts
template_config.json
tsconfig.app.json
tsconfig.json
tsconfig.node.json
vite.config.ts
$ ls src/components/ui

accordion.tsx
alert-dialog.tsx
alert.tsx
aspect-ratio.tsx
avatar.tsx
badge.tsx
breadcrumb.tsx
button.tsx
calendar.tsx
card.tsx
carousel.tsx
chart.tsx
checkbox.tsx
collapsible.tsx
command.tsx
context-menu.tsx
dialog.tsx
drawer.tsx
dropdown-menu.tsx
form.tsx
hover-card.tsx
input-otp.tsx
input.tsx
label.tsx
menubar.tsx
navigation-menu.tsx
pagination.tsx
popover.tsx
progress.tsx
radio-group.tsx
resizable.tsx
scroll-area.tsx
select.tsx
separator.tsx
sheet.tsx
sidebar.tsx
skeleton.tsx
slider.tsx
sonner.tsx
switch.tsx
table.tsx
tabs.tsx
textarea.tsx
toast.tsx
toaster.tsx
toggle-group.tsx
toggle.tsx
tooltip.tsx
use-toast.ts
$ mkdir -p src/components/layout src/components/hostel src/pages/hostels src/lib/types src/lib/data public/images/hostels

$ cd /workspace/shadcn-ui && pnpm i && pnpm run lint

Lockfile is up to date, resolution step is skipped
Packages: +415
++++++++++++++++++++++++++++++++++++++++++++++++++++++++++++++++++++++++++++++++
.../node_modules/@swc/core postinstall$ node postinstall.js
.../node_modules/@swc/core postinstall: Done
.../esbuild@0.21.5/node_modules/esbuild postinstall$ node install.js
.../esbuild@0.25.8/node_modules/esbuild postinstall$ node install.js
.../esbuild@0.21.5/node_modules/esbuild postinstall: Done
.../esbuild@0.25.8/node_modules/esbuild postinstall: Done

Done in 1.6s

> shadcnui@ lint /workspace/shadcn-ui
> eslint --quiet ./src


/workspace/shadcn-ui/src/lib/utils.ts
  72:55  error  Unexpected any. Specify a different type  @typescript-eslint/no-explicit-any

✖ 1 problem (1 error, 0 warnings)

 ELIFECYCLE  Command failed with exit code 1.
$ cd /workspace/shadcn-ui && pnpm run lint


> shadcnui@ lint /workspace/shadcn-ui
> eslint --quiet ./src

$ cd /workspace/shadcn-ui && grep -r "WaterDropIcon" --include="*.tsx" --include="*.ts" .

./src/components/hostel/HostelCard.tsx:import { MapPin, Star, Wifi, ShieldCheck, WaterDropIcon } from "lucide-react";
./src/components/hostel/HostelCard.tsx:              {amenity === "Water" && <WaterDropIcon className="h-3 w-3 mr-1" />}
$ cd /workspace/shadcn-ui && pnpm run lint


> shadcnui@ lint /workspace/shadcn-ui
> eslint --quiet ./src

$ cd /workspace/shadcn-ui && grep -r "filterHostels" --include="*.tsx" --include="*.ts" .

./src/pages/hostels/HostelListPage.tsx:import { hostels, filterHostels } from '@/lib/data/hostels';
./src/pages/hostels/HostelListPage.tsx:      const filtered = filterHostels(hostels, filters);
$ cd /workspace/shadcn-ui && pnpm run lint


> shadcnui@ lint /workspace/shadcn-ui
> eslint --quiet ./src

